// Jest Snapshot v1, https://goo.gl/fbAQLP

exports[`Header renders correctly 1`] = `
<header>
  <h1
    className="title"
  >
    Test if header works.
  </h1>
</header>
`;
